\BOOKMARK [1][-]{section.1}{\376\377\000I\000n\000t\000r\000o\000d\000u\000c\000t\000i\000o\000n\000\040\000a\000n\000d\000\040\000B\000a\000c\000k\000g\000r\000o\000u\000n\000d}{}% 1
\BOOKMARK [1][-]{section.2}{\376\377\000R\000e\000l\000a\000t\000e\000d\000\040\000W\000o\000r\000k}{}% 2
\BOOKMARK [2][-]{subsection.2.1}{\376\377\000C\000l\000a\000s\000s\000i\000c\000a\000l\000\040\000C\000o\000n\000t\000r\000o\000l\000\040\000T\000e\000c\000h\000n\000i\000q\000u\000e\000s\000\040\000f\000o\000r\000\040\000S\000p\000a\000c\000e\000\040\000R\000o\000b\000o\000t\000s}{section.2}% 3
\BOOKMARK [2][-]{subsection.2.2}{\376\377\000R\000e\000i\000n\000f\000o\000r\000c\000e\000m\000e\000n\000t\000\040\000L\000e\000a\000r\000n\000i\000n\000g\000-\000B\000a\000s\000e\000d\000\040\000C\000o\000n\000t\000r\000o\000l\000\040\000T\000e\000c\000h\000n\000i\000q\000u\000e\000s}{section.2}% 4
\BOOKMARK [2][-]{subsection.2.3}{\376\377\000H\000y\000b\000r\000i\000d\000\040\000S\000a\000f\000e\000t\000y\000-\000A\000w\000a\000r\000e\000\040\000C\000o\000n\000t\000r\000o\000l\000\040\000S\000y\000s\000t\000e\000m\000s}{section.2}% 5
\BOOKMARK [2][-]{subsection.2.4}{\376\377\000N\000e\000e\000d\000\040\000f\000o\000r\000\040\000B\000e\000n\000c\000h\000m\000a\000r\000k\000\040\000S\000t\000u\000d\000i\000e\000s}{section.2}% 6
\BOOKMARK [2][-]{subsection.2.5}{\376\377\000R\000e\000s\000e\000a\000r\000c\000h\000\040\000G\000a\000p}{section.2}% 7
\BOOKMARK [1][-]{section.3}{\376\377\000S\000y\000s\000t\000e\000m\000\040\000M\000o\000d\000e\000l\000i\000n\000g\000\040\000a\000n\000d\000\040\000S\000i\000m\000u\000l\000a\000t\000i\000o\000n\000\040\000E\000n\000v\000i\000r\000o\000n\000m\000e\000n\000t}{}% 8
\BOOKMARK [2][-]{subsection.3.1}{\376\377\000A\000d\000v\000a\000n\000t\000a\000g\000e\000s\000\040\000o\000f\000\040\000A\000I\000-\000E\000n\000d\000o\000w\000e\000d\000\040\000D\000i\000g\000i\000t\000a\000l\000\040\000T\000w\000i\000n\000\040\000T\000e\000c\000h\000n\000o\000l\000o\000g\000y\000\040\000i\000n\000\040\000O\000n\000-\000O\000r\000b\000i\000t\000\040\000S\000e\000r\000v\000i\000c\000i\000n\000g}{section.3}% 9
\BOOKMARK [2][-]{subsection.3.2}{\376\377\000R\000o\000b\000o\000t\000\040\000M\000o\000d\000e\000l}{section.3}% 10
\BOOKMARK [2][-]{subsection.3.3}{\376\377\000D\000y\000n\000a\000m\000i\000c\000\040\000S\000i\000m\000u\000l\000a\000t\000i\000o\000n\000\040\000i\000n\000\040\000M\000A\000T\000L\000A\000B\000/\000S\000i\000m\000u\000l\000i\000n\000k}{section.3}% 11
\BOOKMARK [2][-]{subsection.3.4}{\376\377\000R\000e\000f\000e\000r\000e\000n\000c\000e\000\040\000T\000r\000a\000j\000e\000c\000t\000o\000r\000y\000\040\000a\000n\000d\000\040\000D\000e\000s\000i\000r\000e\000d\000\040\000T\000a\000s\000k}{section.3}% 12
\BOOKMARK [1][-]{section.4}{\376\377\000R\000e\000i\000n\000f\000o\000r\000c\000e\000m\000e\000n\000t\000\040\000L\000e\000a\000r\000n\000i\000n\000g\000\040\000F\000r\000a\000m\000e\000w\000o\000r\000k}{}% 13
\BOOKMARK [1][-]{section.5}{\376\377\000S\000a\000f\000e\000t\000y\000\040\000M\000o\000n\000i\000t\000o\000r\000i\000n\000g\000\040\000a\000n\000d\000\040\000C\000o\000n\000s\000t\000r\000a\000i\000n\000t\000\040\000E\000n\000f\000o\000r\000c\000e\000m\000e\000n\000t}{}% 14
\BOOKMARK [1][-]{section.6}{\376\377\000C\000o\000m\000p\000a\000r\000i\000s\000o\000n\000\040\000o\000f\000\040\000C\000o\000n\000t\000i\000n\000u\000o\000u\000s\000\040\000R\000L\000\040\000A\000g\000e\000n\000t\000s}{}% 15
\BOOKMARK [1][-]{section.7}{\376\377\000O\000p\000t\000i\000m\000i\000z\000a\000t\000i\000o\000n\000\040\000o\000f\000\040\000t\000h\000e\000\040\000P\000P\000O\000\040\000A\000g\000e\000n\000t}{}% 16
\BOOKMARK [2][-]{subsection.7.1}{\376\377\000C\000i\000r\000c\000u\000l\000a\000r\000\040\000T\000r\000a\000j\000e\000c\000t\000o\000r\000y}{section.7}% 17
\BOOKMARK [2][-]{subsection.7.2}{\376\377\000A\000b\000l\000a\000t\000i\000o\000n\000\040\000S\000t\000u\000d\000y\000\040\000o\000f\000\040\000R\000e\000w\000a\000r\000d\000\040\000C\000o\000m\000p\000o\000n\000e\000n\000t\000s}{section.7}% 18
\BOOKMARK [2][-]{subsection.7.3}{\376\377\000S\000e\000n\000s\000i\000t\000i\000v\000i\000t\000y\000\040\000A\000n\000a\000l\000y\000s\000i\000s\000\040\000o\000f\000\040\000R\000e\000w\000a\000r\000d\000\040\000W\000e\000i\000g\000h\000t\000s}{section.7}% 19
\BOOKMARK [2][-]{subsection.7.4}{\376\377\000P\000i\000e\000c\000e\000w\000i\000s\000e\000-\000L\000i\000n\000e\000a\000r\000\040\000T\000r\000a\000j\000e\000c\000t\000o\000r\000y}{section.7}% 20
\BOOKMARK [1][-]{section.8}{\376\377\000D\000i\000s\000c\000u\000s\000s\000i\000o\000n\000\040\000a\000n\000d\000\040\000C\000o\000n\000c\000l\000u\000s\000i\000o\000n}{}% 21
\BOOKMARK [1][-]{section*.30}{\376\377\000R\000E\000F\000E\000R\000E\000N\000C\000E\000S}{}% 22
\BOOKMARK [2][-]{section*.31}{\376\377\000P\000a\000t\000r\000i\000c\000k\000\040\000S\000.\000\040\000E\000r\000m\000i\000s\000c\000h}{section*.30}% 23
\BOOKMARK [2][-]{section*.31}{\376\377\000E\000r\000i\000c\000\040\000G\000u\000i\000f\000f\000o\000\040\000K\000a\000i\000g\000o\000m}{section*.30}% 24
