This is pdfTeX, Version 3.141592653-2.6-1.40.29 (MiKTeX 26.2) (preloaded format=pdflatex 2026.3.30)  29 APR 2026 12:30
entering extended mode
 restricted \write18 enabled.
 %&-line parsing enabled.
**./access.tex
(access.tex
LaTeX2e <2025-11-01>
L3 programming layer <2026-01-19>
(ieeeaccess.cls (IEEEtran.cls
Document Class: IEEEtran 2015/08/26 V1.8b by Michael Shell
-- See the "IEEEtran_HOWTO" manual for usage information.
-- http://www.michaelshell.org/tex/ieeetran/
\@IEEEtrantmpdimenA=\dimen148
\@IEEEtrantmpdimenB=\dimen149
\@IEEEtrantmpdimenC=\dimen150
\@IEEEtrantmpcountA=\count275
\@IEEEtrantmpcountB=\count276
\@IEEEtrantmpcountC=\count277
\@IEEEtrantmptoksA=\toks17
LaTeX Font Info:    Trying to load font information for OT1+ptm on input line 5
03.
(C:\Users\Kaigom\AppData\Local\Programs\MiKTeX\tex/latex/psnfss\ot1ptm.fd
File: ot1ptm.fd 2001/06/04 font definitions for OT1/ptm.
)
-- Using 8.5in x 11in (letter) paper.
-- Using PDF output.
\@IEEEnormalsizeunitybaselineskip=\dimen151
-- This is a 10 point document.
LaTeX Encoding Info:    Redeclaring text command \textunderscore (encoding ?) o
n input line 937.
\CLASSINFOnormalsizebaselineskip=\dimen152
\CLASSINFOnormalsizeunitybaselineskip=\dimen153
\IEEEnormaljot=\dimen154
LaTeX Font Info:    Font shape `OT1/ptm/bx/n' in size <5> not available
(Font)              Font shape `OT1/ptm/b/n' tried instead on input line 1090.
LaTeX Font Info:    Font shape `OT1/ptm/bx/it' in size <5> not available
(Font)              Font shape `OT1/ptm/b/it' tried instead on input line 1090.

LaTeX Font Info:    Font shape `OT1/ptm/bx/n' in size <7> not available
(Font)              Font shape `OT1/ptm/b/n' tried instead on input line 1090.
LaTeX Font Info:    Font shape `OT1/ptm/bx/it' in size <7> not available
(Font)              Font shape `OT1/ptm/b/it' tried instead on input line 1090.

LaTeX Font Info:    Font shape `OT1/ptm/bx/n' in size <8> not available
(Font)              Font shape `OT1/ptm/b/n' tried instead on input line 1090.
LaTeX Font Info:    Font shape `OT1/ptm/bx/it' in size <8> not available
(Font)              Font shape `OT1/ptm/b/it' tried instead on input line 1090.

LaTeX Font Info:    Font shape `OT1/ptm/bx/n' in size <9> not available
(Font)              Font shape `OT1/ptm/b/n' tried instead on input line 1090.
LaTeX Font Info:    Font shape `OT1/ptm/bx/it' in size <9> not available
(Font)              Font shape `OT1/ptm/b/it' tried instead on input line 1090.

LaTeX Font Info:    Font shape `OT1/ptm/bx/n' in size <10> not available
(Font)              Font shape `OT1/ptm/b/n' tried instead on input line 1090.
LaTeX Font Info:    Font shape `OT1/ptm/bx/it' in size <10> not available
(Font)              Font shape `OT1/ptm/b/it' tried instead on input line 1090.

LaTeX Font Info:    Font shape `OT1/ptm/bx/n' in size <11> not available
(Font)              Font shape `OT1/ptm/b/n' tried instead on input line 1090.
LaTeX Font Info:    Font shape `OT1/ptm/bx/it' in size <11> not available
(Font)              Font shape `OT1/ptm/b/it' tried instead on input line 1090.

LaTeX Font Info:    Font shape `OT1/ptm/bx/n' in size <12> not available
(Font)              Font shape `OT1/ptm/b/n' tried instead on input line 1090.
LaTeX Font Info:    Font shape `OT1/ptm/bx/it' in size <12> not available
(Font)              Font shape `OT1/ptm/b/it' tried instead on input line 1090.

LaTeX Font Info:    Font shape `OT1/ptm/bx/n' in size <17> not available
(Font)              Font shape `OT1/ptm/b/n' tried instead on input line 1090.
LaTeX Font Info:    Font shape `OT1/ptm/bx/it' in size <17> not available
(Font)              Font shape `OT1/ptm/b/it' tried instead on input line 1090.

LaTeX Font Info:    Font shape `OT1/ptm/bx/n' in size <20> not available
(Font)              Font shape `OT1/ptm/b/n' tried instead on input line 1090.
LaTeX Font Info:    Font shape `OT1/ptm/bx/it' in size <20> not available
(Font)              Font shape `OT1/ptm/b/it' tried instead on input line 1090.

LaTeX Font Info:    Font shape `OT1/ptm/bx/n' in size <24> not available
(Font)              Font shape `OT1/ptm/b/n' tried instead on input line 1090.
LaTeX Font Info:    Font shape `OT1/ptm/bx/it' in size <24> not available
(Font)              Font shape `OT1/ptm/b/it' tried instead on input line 1090.

\IEEEquantizedlength=\dimen155
\IEEEquantizedlengthdiff=\dimen156
\IEEEquantizedtextheightdiff=\dimen157
\IEEEilabelindentA=\dimen158
\IEEEilabelindentB=\dimen159
\IEEEilabelindent=\dimen160
\IEEEelabelindent=\dimen161
\IEEEdlabelindent=\dimen162
\IEEElabelindent=\dimen163
\IEEEiednormlabelsep=\dimen164
\IEEEiedmathlabelsep=\dimen165
\IEEEiedtopsep=\skip49
\c@section=\count278
\c@subsection=\count279
\c@subsubsection=\count280
\c@paragraph=\count281
\c@IEEEsubequation=\count282
\abovecaptionskip=\skip50
\belowcaptionskip=\skip51
\c@figure=\count283
\c@table=\count284
\@IEEEeqnnumcols=\count285
\@IEEEeqncolcnt=\count286
\@IEEEsubeqnnumrollback=\count287
\@IEEEquantizeheightA=\dimen166
\@IEEEquantizeheightB=\dimen167
\@IEEEquantizeheightC=\dimen168
\@IEEEquantizeprevdepth=\dimen169
\@IEEEquantizemultiple=\count288
\@IEEEquantizeboxA=\box53
\@IEEEtmpitemindent=\dimen170
\IEEEPARstartletwidth=\dimen171
\c@IEEEbiography=\count289
\@IEEEtranrubishbin=\box54
) (C:\Users\Kaigom\AppData\Local\Programs\MiKTeX\tex/generic/iftex\ifpdf.sty
Package: ifpdf 2019/10/25 v3.4 ifpdf legacy package. Use iftex instead.

(C:\Users\Kaigom\AppData\Local\Programs\MiKTeX\tex/generic/iftex\iftex.sty
Package: iftex 2024/12/12 v1.0g TeX engine tests
))
(C:\Users\Kaigom\AppData\Local\Programs\MiKTeX\tex/latex/xkeyval\xkeyval.sty
Package: xkeyval 2022/06/16 v2.9 package option processing (HA)

(C:\Users\Kaigom\AppData\Local\Programs\MiKTeX\tex/generic/xkeyval\xkeyval.tex
(C:\Users\Kaigom\AppData\Local\Programs\MiKTeX\tex/generic/xkeyval\xkvutils.tex
\XKV@toks=\toks18
\XKV@tempa@toks=\toks19
(C:\Users\Kaigom\AppData\Local\Programs\MiKTeX\tex/generic/xkeyval\keyval.tex))
\XKV@depth=\count290
File: xkeyval.tex 2014/12/03 v2.7a key=value parser (HA)
)){C:/Users/Kaigom/AppData/Local/MiKTeX/fonts/map/pdftex/pdftex.map}

pdfTeX warning: pdflatex.exe (file t1-times.map): cannot open font map file


pdfTeX warning: pdflatex.exe (file t1-formata.map): cannot open font map file


pdfTeX warning: pdflatex.exe (file t1-giovannistd.map): cannot open font map fi
le
\@draftversionrule=\dimen172
(C:\Users\Kaigom\AppData\Local\Programs\MiKTeX\tex/latex/graphics\color.sty
Package: color 2025/01/14 v1.3e Standard LaTeX Color (DPC)

(C:\Users\Kaigom\AppData\Local\Programs\MiKTeX\tex/latex/graphics-cfg\color.cfg
File: color.cfg 2016/01/02 v1.6 sample color configuration
)
Package color Info: Driver file: pdftex.def on input line 149.

(C:\Users\Kaigom\AppData\Local\Programs\MiKTeX\tex/latex/graphics-def\pdftex.de
f
File: pdftex.def 2025/09/29 v1.2d Graphics/color driver for pdftex
)
(C:\Users\Kaigom\AppData\Local\Programs\MiKTeX\tex/latex/graphics\mathcolor.ltx
))
(C:\Users\Kaigom\AppData\Local\Programs\MiKTeX\tex/latex/spotcolor\spotcolor.st
y
Package: spotcolor 2006/11/15 v1.2 Package for adding Spot Color support to pdf
LaTeX.

(C:\Users\Kaigom\AppData\Local\Programs\MiKTeX\tex/latex/graphics\graphics.sty
Package: graphics 2024/08/06 v1.4g Standard LaTeX Graphics (DPC,SPQR)

(C:\Users\Kaigom\AppData\Local\Programs\MiKTeX\tex/latex/graphics\trig.sty
Package: trig 2023/12/02 v1.11 sin cos tan (DPC)
)
(C:\Users\Kaigom\AppData\Local\Programs\MiKTeX\tex/latex/graphics-cfg\graphics.
cfg
File: graphics.cfg 2016/06/04 v1.11 sample graphics configuration
)
Package graphics Info: Driver file: pdftex.def on input line 106.
)
\thecolorprofile=\count291
\thecolor=\count292
)
\PANTONE=\toks20
Package color Info: Redefining color black on input line 134.
\figbox=\box55
\titlewidth=\skip52
\abstractwidth=\skip53
\c@addrCtr=\count293
\abstractbox=\box56
\indexbox=\box57
\absht=\dimen173
\kwdht=\dimen174
\@tempcntc=\count294
\titlepgskip=\skip54
\maketitlebox=\box58
) (C:\Users\Kaigom\AppData\Local\Programs\MiKTeX\tex/latex/cite\cite.sty
LaTeX Info: Redefining \cite on input line 302.
LaTeX Info: Redefining \nocite on input line 332.
Package: cite 2015/02/27  v 5.5
) (C:\Users\Kaigom\AppData\Local\Programs\MiKTeX\tex/latex/amsmath\amsmath.sty
Package: amsmath 2025/07/09 v2.17z AMS math features
\@mathmargin=\skip55

For additional information on amsmath, use the `?' option.
(C:\Users\Kaigom\AppData\Local\Programs\MiKTeX\tex/latex/amsmath\amstext.sty
Package: amstext 2024/11/17 v2.01 AMS text

(C:\Users\Kaigom\AppData\Local\Programs\MiKTeX\tex/latex/amsmath\amsgen.sty
File: amsgen.sty 1999/11/30 v2.0 generic functions
\@emptytoks=\toks21
\ex@=\dimen175
))
(C:\Users\Kaigom\AppData\Local\Programs\MiKTeX\tex/latex/amsmath\amsbsy.sty
Package: amsbsy 1999/11/29 v1.2d Bold Symbols
\pmbraise@=\dimen176
)
(C:\Users\Kaigom\AppData\Local\Programs\MiKTeX\tex/latex/amsmath\amsopn.sty
Package: amsopn 2022/04/08 v2.04 operator names
)
\inf@bad=\count295
LaTeX Info: Redefining \frac on input line 233.
\uproot@=\count296
\leftroot@=\count297
LaTeX Info: Redefining \overline on input line 398.
LaTeX Info: Redefining \colon on input line 409.
\classnum@=\count298
\DOTSCASE@=\count299
LaTeX Info: Redefining \ldots on input line 495.
LaTeX Info: Redefining \dots on input line 498.
LaTeX Info: Redefining \cdots on input line 619.
\Mathstrutbox@=\box59
\strutbox@=\box60
LaTeX Info: Redefining \big on input line 721.
LaTeX Info: Redefining \Big on input line 722.
LaTeX Info: Redefining \bigg on input line 723.
LaTeX Info: Redefining \Bigg on input line 724.
\big@size=\dimen177
LaTeX Font Info:    Redeclaring font encoding OML on input line 742.
LaTeX Font Info:    Redeclaring font encoding OMS on input line 743.
\macc@depth=\count300
LaTeX Info: Redefining \bmod on input line 904.
LaTeX Info: Redefining \pmod on input line 909.
LaTeX Info: Redefining \smash on input line 939.
LaTeX Info: Redefining \relbar on input line 969.
LaTeX Info: Redefining \Relbar on input line 970.
\c@MaxMatrixCols=\count301
\dotsspace@=\muskip17
\c@parentequation=\count302
\dspbrk@lvl=\count303
\tag@help=\toks22
\row@=\count304
\column@=\count305
\maxfields@=\count306
\andhelp@=\toks23
\eqnshift@=\dimen178
\alignsep@=\dimen179
\tagshift@=\dimen180
\tagwidth@=\dimen181
\totwidth@=\dimen182
\lineht@=\dimen183
\@envbody=\toks24
\multlinegap=\skip56
\multlinetaggap=\skip57
\mathdisplay@stack=\toks25
LaTeX Info: Redefining \[ on input line 2950.
LaTeX Info: Redefining \] on input line 2951.
)
(C:\Users\Kaigom\AppData\Local\Programs\MiKTeX\tex/latex/amsfonts\amssymb.sty
Package: amssymb 2013/01/14 v3.01 AMS font symbols

(C:\Users\Kaigom\AppData\Local\Programs\MiKTeX\tex/latex/amsfonts\amsfonts.sty
Package: amsfonts 2013/01/14 v3.01 Basic AMSFonts support
\symAMSa=\mathgroup4
\symAMSb=\mathgroup5
LaTeX Font Info:    Redeclaring math symbol \hbar on input line 98.
LaTeX Font Info:    Overwriting math alphabet `\mathfrak' in version `bold'
(Font)                  U/euf/m/n --> U/euf/b/n on input line 106.
))
(C:\Users\Kaigom\AppData\Local\Programs\MiKTeX\tex/latex/algorithms\algorithmic
.sty
Package: algorithmic 2009/08/24 v0.1 Document Style `algorithmic'
 (C:\Users\Kaigom\AppData\Local\Programs\MiKTeX\tex/latex/base\ifthen.sty
Package: ifthen 2024/03/16 v1.1e Standard LaTeX ifthen package (DPC)
)
\c@ALC@unique=\count307
\c@ALC@line=\count308
\c@ALC@rem=\count309
\c@ALC@depth=\count310
\ALC@tlm=\skip58
\algorithmicindent=\skip59
) (C:\Users\Kaigom\AppData\Local\Programs\MiKTeX\tex/latex/graphics\graphicx.st
y
Package: graphicx 2024/12/31 v1.2e Enhanced LaTeX Graphics (DPC,SPQR)
\Gin@req@height=\dimen184
\Gin@req@width=\dimen185
) (C:\Users\Kaigom\AppData\Local\Programs\MiKTeX\tex/latex/base\textcomp.sty
Package: textcomp 2024/04/24 v2.1b Standard LaTeX package
)
(C:\Users\Kaigom\AppData\Local\Programs\MiKTeX\tex/latex/makecell\makecell.sty
Package: makecell 2009/08/03 V0.1e Managing of Tab Column Heads and Cells

(C:\Users\Kaigom\AppData\Local\Programs\MiKTeX\tex/latex/tools\array.sty
Package: array 2025/09/25 v2.6n Tabular extension package (FMi)
\col@sep=\dimen186
\ar@mcellbox=\box61
\extrarowheight=\dimen187
\NC@list=\toks26
\extratabsurround=\skip60
\backup@length=\skip61
\ar@cellbox=\box62
)
\rotheadsize=\dimen188
\c@nlinenum=\count311
\TeXr@lab=\toks27
)
(C:\Users\Kaigom\AppData\Local\Programs\MiKTeX\tex/latex/booktabs\booktabs.sty
Package: booktabs 2020/01/12 v1.61803398 Publication quality tables
\heavyrulewidth=\dimen189
\lightrulewidth=\dimen190
\cmidrulewidth=\dimen191
\belowrulesep=\dimen192
\belowbottomsep=\dimen193
\aboverulesep=\dimen194
\abovetopsep=\dimen195
\cmidrulesep=\dimen196
\cmidrulekern=\dimen197
\defaultaddspace=\dimen198
\@cmidla=\count312
\@cmidlb=\count313
\@aboverulesep=\dimen199
\@belowrulesep=\dimen256
\@thisruleclass=\count314
\@lastruleclass=\count315
\@thisrulewidth=\dimen257
) (C:\Users\Kaigom\AppData\Local\Programs\MiKTeX\tex/latex/float\float.sty
Package: float 2001/11/08 v1.3d Float enhancements (AL)
\c@float@type=\count316
\float@exts=\toks28
\float@box=\box63
\@float@everytoks=\toks29
\@floatcapt=\box64
)
(C:\Users\Kaigom\AppData\Local\Programs\MiKTeX\tex/latex/caption\subcaption.sty
Package: subcaption 2023/07/28 v1.6b Sub-captions (AR)
(C:\Users\Kaigom\AppData\Local\Programs\MiKTeX\tex/latex/caption\caption.sty
Package: caption 2023/08/05 v3.6o Customizing captions (AR)

(C:\Users\Kaigom\AppData\Local\Programs\MiKTeX\tex/latex/caption\caption3.sty
Package: caption3 2023/07/31 v2.4d caption3 kernel (AR)
\caption@tempdima=\dimen258
\captionmargin=\dimen259
\caption@leftmargin=\dimen260
\caption@rightmargin=\dimen261
\caption@width=\dimen262
\caption@indent=\dimen263
\caption@parindent=\dimen264
\caption@hangindent=\dimen265
Package caption Info: Unknown document class (or package),
(caption)             standard defaults will be used.
Package caption Info: \@makecaption = \long macro:#1#2->\ifx \@captype \@IEEEta
blestring \begin {flushleft} \vspace *{5pt} {\vss \color {accessblue}\tablecaph
eadfont #1. \ }{\raggedright \tablecapfont #2\vss }\end {flushleft} \@IEEEtable
captionsepspace \else \@IEEEfigurecaptionsepspace \setbox \@tempboxa \hbox {\st
rut {\color {accessblue}\figcapheadfont #1. \ }\raggedright \figcapfont #2\stru
t }\ifdim \xfigwd >\columnwidth \setbox \@tempboxa \hbox {{\color {accessblue}\
figcapheadfont #1. \ }}\mbox {}\hfill \begin {tabular}{@{}l@{}}\noindent \ragge
dright \unhbox \@tempboxa \figcapfont #2\end {tabular}\hfill \mbox {}\else \set
box \@tempboxa \hbox {{\color {accessblue}\figcapheadfont #1. \ }}{\vss \ragged
right \noindent \unhbox \@tempboxa \figcapfont #2\vss }\fi \fi \vskip 1pt plus 
1pt minus 1pt on input line 1175.
)

Package caption Warning: Unknown document class (or package),
(caption)                standard defaults will be used.
See the caption package documentation for explanation.

\c@caption@flags=\count317
\c@continuedfloat=\count318
Package caption Info: float package is loaded.
)
Package caption Info: New subtype `subfigure' on input line 238.
\c@subfigure=\count319
Package caption Info: New subtype `subtable' on input line 238.
\c@subtable=\count320
) (C:\Users\Kaigom\AppData\Local\Programs\MiKTeX\tex/latex/xcolor\xcolor.sty
Package: xcolor 2024/09/29 v3.02 LaTeX color extensions (UK)

(C:\Users\Kaigom\AppData\Local\Programs\MiKTeX\tex/latex/graphics-cfg\color.cfg
File: color.cfg 2016/01/02 v1.6 sample color configuration
)
Package xcolor Info: Driver file: pdftex.def on input line 274.
LaTeX Info: Redefining \color on input line 762.

(C:\Users\Kaigom\AppData\Local\Programs\MiKTeX\tex/latex/graphics\mathcolor.ltx
)
Package xcolor Info: Model `cmy' substituted by `cmy0' on input line 1349.
Package xcolor Info: Model `hsb' substituted by `rgb' on input line 1353.
Package xcolor Info: Model `RGB' extended on input line 1365.
Package xcolor Info: Model `HTML' substituted by `rgb' on input line 1367.
Package xcolor Info: Model `Hsb' substituted by `hsb' on input line 1368.
Package xcolor Info: Model `tHsb' substituted by `hsb' on input line 1369.
Package xcolor Info: Model `HSB' substituted by `hsb' on input line 1370.
Package xcolor Info: Model `Gray' substituted by `gray' on input line 1371.
Package xcolor Info: Model `wave' substituted by `hsb' on input line 1372.
) (C:\Users\Kaigom\AppData\Local\Programs\MiKTeX\tex/generic/soul\soul.sty
Package: soul 2026-03-06 v3.2 Permit use of UTF-8 characters in soul (HO)

(C:\Users\Kaigom\AppData\Local\Programs\MiKTeX\tex/generic/soul\soul-ori.sty
Package: soul-ori 2026-03-06 v3.2 letterspacing/underlining (mf)
\SOUL@word=\toks30
\SOUL@lasttoken=\toks31
\SOUL@syllable=\toks32
\SOUL@cmds=\toks33
\SOUL@buffer=\toks34
\SOUL@token=\toks35
\SOUL@syllgoal=\dimen266
\SOUL@syllwidth=\dimen267
\SOUL@charkern=\dimen268
\SOUL@hyphkern=\dimen269
\SOUL@dimen=\dimen270
\SOUL@dimeni=\dimen271
\SOUL@minus=\count321
\SOUL@comma=\count322
\SOUL@apo=\count323
\SOUL@grave=\count324
\SOUL@spaceskip=\skip62
\SOUL@ttwidth=\dimen272
\SOUL@uldp=\dimen273
\SOUL@ulht=\dimen274
)
(C:\Users\Kaigom\AppData\Local\Programs\MiKTeX\tex/generic/infwarerr\infwarerr.
sty
Package: infwarerr 2019/12/03 v1.5 Providing info/warning/error messages (HO)
)
(C:\Users\Kaigom\AppData\Local\Programs\MiKTeX\tex/generic/etexcmds\etexcmds.st
y
Package: etexcmds 2019/12/15 v1.7 Avoid name clashes with e-TeX commands (HO)
)) (C:\Users\Kaigom\AppData\Local\Programs\MiKTeX\tex/latex/framed\framed.sty
Package: framed 2011/10/22 v 0.96: framed or shaded text with page breaks
\OuterFrameSep=\skip63
\fb@frw=\dimen275
\fb@frh=\dimen276
\FrameRule=\dimen277
\FrameSep=\dimen278
) (C:\Users\Kaigom\AppData\Local\Programs\MiKTeX\tex/latex/hyperref\hyperref.st
y
Package: hyperref 2026-01-29 v7.01p Hypertext links for LaTeX

(C:\Users\Kaigom\AppData\Local\Programs\MiKTeX\tex/latex/kvsetkeys\kvsetkeys.st
y
Package: kvsetkeys 2022-10-05 v1.19 Key value parser (HO)
)
(C:\Users\Kaigom\AppData\Local\Programs\MiKTeX\tex/generic/kvdefinekeys\kvdefin
ekeys.sty
Package: kvdefinekeys 2019-12-19 v1.6 Define keys (HO)
)
(C:\Users\Kaigom\AppData\Local\Programs\MiKTeX\tex/generic/pdfescape\pdfescape.
sty
Package: pdfescape 2019/12/09 v1.15 Implements pdfTeX's escape features (HO)

(C:\Users\Kaigom\AppData\Local\Programs\MiKTeX\tex/generic/ltxcmds\ltxcmds.sty
Package: ltxcmds 2023-12-04 v1.26 LaTeX kernel commands for general use (HO)
)
(C:\Users\Kaigom\AppData\Local\Programs\MiKTeX\tex/generic/pdftexcmds\pdftexcmd
s.sty
Package: pdftexcmds 2020-06-27 v0.33 Utility functions of pdfTeX for LuaTeX (HO
)
Package pdftexcmds Info: \pdf@primitive is available.
Package pdftexcmds Info: \pdf@ifprimitive is available.
Package pdftexcmds Info: \pdfdraftmode found.
))
(C:\Users\Kaigom\AppData\Local\Programs\MiKTeX\tex/latex/hycolor\hycolor.sty
Package: hycolor 2020-01-27 v1.10 Color options for hyperref/bookmark (HO)
)
(C:\Users\Kaigom\AppData\Local\Programs\MiKTeX\tex/latex/hyperref\nameref.sty
Package: nameref 2026-01-29 v2.58 Cross-referencing by name of section

(C:\Users\Kaigom\AppData\Local\Programs\MiKTeX\tex/latex/refcount\refcount.sty
Package: refcount 2019/12/15 v3.6 Data extraction from label references (HO)
)
(C:\Users\Kaigom\AppData\Local\Programs\MiKTeX\tex/generic/gettitlestring\getti
tlestring.sty
Package: gettitlestring 2019/12/15 v1.6 Cleanup title references (HO)

(C:\Users\Kaigom\AppData\Local\Programs\MiKTeX\tex/latex/kvoptions\kvoptions.st
y
Package: kvoptions 2022-06-15 v3.15 Key value format for package options (HO)
))
\c@section@level=\count325
)
(C:\Users\Kaigom\AppData\Local\Programs\MiKTeX\tex/latex/etoolbox\etoolbox.sty
Package: etoolbox 2025/10/02 v2.5m e-TeX tools for LaTeX (JAW)
\etb@tempcnta=\count326
)
(C:\Users\Kaigom\AppData\Local\Programs\MiKTeX\tex/generic/stringenc\stringenc.
sty
Package: stringenc 2019/11/29 v1.12 Convert strings between diff. encodings (HO
)
)
\@linkdim=\dimen279
\Hy@linkcounter=\count327
\Hy@pagecounter=\count328

(C:\Users\Kaigom\AppData\Local\Programs\MiKTeX\tex/latex/hyperref\pd1enc.def
File: pd1enc.def 2026-01-29 v7.01p Hyperref: PDFDocEncoding definition (HO)
Now handling font encoding PD1 ...
... no UTF-8 mapping file for font encoding PD1
)
(C:\Users\Kaigom\AppData\Local\Programs\MiKTeX\tex/generic/intcalc\intcalc.sty
Package: intcalc 2019/12/15 v1.3 Expandable calculations with integers (HO)
)
\Hy@SavedSpaceFactor=\count329
(C:\Users\Kaigom\AppData\Local\Programs\MiKTeX\tex/latex/hyperref\puenc.def
File: puenc.def 2026-01-29 v7.01p Hyperref: PDF Unicode definition (HO)
Now handling font encoding PU ...
... no UTF-8 mapping file for font encoding PU
)
Package hyperref Info: Hyper figures OFF on input line 4201.
Package hyperref Info: Link nesting OFF on input line 4206.
Package hyperref Info: Hyper index ON on input line 4209.
Package hyperref Info: Plain pages OFF on input line 4216.
Package hyperref Info: Backreferencing OFF on input line 4221.
Package hyperref Info: Implicit mode ON; LaTeX internals redefined.
Package hyperref Info: Bookmarks ON on input line 4468.
\c@Hy@tempcnt=\count330

(C:\Users\Kaigom\AppData\Local\Programs\MiKTeX\tex/latex/url\url.sty
\Urlmuskip=\muskip18
Package: url 2013/09/16  ver 3.4  Verb mode for urls, etc.
)
LaTeX Info: Redefining \url on input line 4807.
\XeTeXLinkMargin=\dimen280

(C:\Users\Kaigom\AppData\Local\Programs\MiKTeX\tex/generic/bitset\bitset.sty
Package: bitset 2019/12/09 v1.3 Handle bit-vector datatype (HO)

(C:\Users\Kaigom\AppData\Local\Programs\MiKTeX\tex/generic/bigintcalc\bigintcal
c.sty
Package: bigintcalc 2019/12/15 v1.5 Expandable calculations on big integers (HO
)
))
\Fld@menulength=\count331
\Field@Width=\dimen281
\Fld@charsize=\dimen282
Package hyperref Info: Hyper figures OFF on input line 6084.
Package hyperref Info: Link nesting OFF on input line 6089.
Package hyperref Info: Hyper index ON on input line 6092.
Package hyperref Info: backreferencing OFF on input line 6099.
Package hyperref Info: Link coloring OFF on input line 6104.
Package hyperref Info: Link coloring with OCG OFF on input line 6109.
Package hyperref Info: PDF/A mode OFF on input line 6114.
\Hy@abspage=\count332
\c@Item=\count333
\c@Hfootnote=\count334
)
Package hyperref Info: Driver (autodetected): hpdftex.

(C:\Users\Kaigom\AppData\Local\Programs\MiKTeX\tex/latex/hyperref\hpdftex.def
File: hpdftex.def 2026-01-29 v7.01p Hyperref driver for pdfTeX
\Fld@listcount=\count335
\c@bookmark@seq@number=\count336

(C:\Users\Kaigom\AppData\Local\Programs\MiKTeX\tex/latex/rerunfilecheck\rerunfi
lecheck.sty
Package: rerunfilecheck 2025-06-21 v1.11 Rerun checks for auxiliary files (HO)

(C:\Users\Kaigom\AppData\Local\Programs\MiKTeX\tex/generic/uniquecounter\unique
counter.sty
Package: uniquecounter 2019/12/15 v1.4 Provide unlimited unique counter (HO)
)
Package uniquecounter Info: New unique counter `rerunfilecheck' on input line 2
84.
)
\Hy@SectionHShift=\skip64
)
(C:\Users\Kaigom\AppData\Local\Programs\MiKTeX\tex/latex/tools\varioref.sty
Package: varioref 2025/01/14 v1.6g package for extended references (FMi)
\c@vrcnt=\count337
)
(C:\Users\Kaigom\AppData\Local\Programs\MiKTeX\tex/latex/cleveref\cleveref.sty
Package: cleveref 2018/03/27 v0.21.4 Intelligent cross-referencing
Package cleveref Info: `hyperref' support loaded on input line 2370.
LaTeX Info: Redefining \cref on input line 2370.
LaTeX Info: Redefining \Cref on input line 2370.
LaTeX Info: Redefining \crefrange on input line 2370.
LaTeX Info: Redefining \Crefrange on input line 2370.
LaTeX Info: Redefining \cpageref on input line 2370.
LaTeX Info: Redefining \Cpageref on input line 2370.
LaTeX Info: Redefining \cpagerefrange on input line 2370.
LaTeX Info: Redefining \Cpagerefrange on input line 2370.
LaTeX Info: Redefining \labelcref on input line 2370.
LaTeX Info: Redefining \labelcpageref on input line 2370.
Package cleveref Info: `varioref' support loaded on input line 2605.
Package cleveref Info: `cleveref' supersedes `varioref's \labelformatcommand on
 input line 2605.
LaTeX Info: Redefining \vref on input line 2605.
LaTeX Info: Redefining \Vref on input line 2605.
LaTeX Info: Redefining \vrefrange on input line 2605.
LaTeX Info: Redefining \fullref on input line 2605.
)
==> First Aid for cleveref.sty applied!
Package hyperref Info: Option `colorlinks' set `true' on input line 32.

(C:\Users\Kaigom\AppData\Local\Programs\MiKTeX\tex/latex/l3backend\l3backend-pd
ftex.def
File: l3backend-pdftex.def 2025-10-09 L3 backend support: PDF output (pdfTeX)
\l__color_backend_stack_int=\count338
) (access.aux)
\openout1 = `access.aux'.

LaTeX Font Info:    Checking defaults for OML/cmm/m/it on input line 50.
LaTeX Font Info:    ... okay on input line 50.
LaTeX Font Info:    Checking defaults for OMS/cmsy/m/n on input line 50.
LaTeX Font Info:    ... okay on input line 50.
LaTeX Font Info:    Checking defaults for OT1/cmr/m/n on input line 50.
LaTeX Font Info:    ... okay on input line 50.
LaTeX Font Info:    Checking defaults for T1/cmr/m/n on input line 50.
LaTeX Font Info:    ... okay on input line 50.
LaTeX Font Info:    Checking defaults for TS1/cmr/m/n on input line 50.
LaTeX Font Info:    ... okay on input line 50.
LaTeX Font Info:    Checking defaults for OMX/cmex/m/n on input line 50.
LaTeX Font Info:    ... okay on input line 50.
LaTeX Font Info:    Checking defaults for U/cmr/m/n on input line 50.
LaTeX Font Info:    ... okay on input line 50.
LaTeX Font Info:    Checking defaults for PD1/pdf/m/n on input line 50.
LaTeX Font Info:    ... okay on input line 50.
LaTeX Font Info:    Checking defaults for PU/pdf/m/n on input line 50.
LaTeX Font Info:    ... okay on input line 50.

-- Lines per column: 56 (exact).
LaTeX Font Info:    Trying to load font information for T1+ptm on input line 50
.
(C:\Users\Kaigom\AppData\Local\Programs\MiKTeX\tex/latex/psnfss\t1ptm.fd
File: t1ptm.fd 2001/06/04 font definitions for T1/ptm.
)

LaTeX Font Warning: Font shape `T1/ptm/n/n' undefined
(Font)              using `T1/ptm/m/n' instead on input line 50.


(C:\Users\Kaigom\AppData\Local\Programs\MiKTeX\tex/context/base/mkii\supp-pdf.m
kii
[Loading MPS to PDF converter (version 2006.09.02).]
\scratchcounter=\count339
\scratchdimen=\dimen283
\scratchbox=\box65
\nofMPsegments=\count340
\nofMParguments=\count341
\everyMPshowfont=\toks36
\MPscratchCnt=\count342
\MPscratchDim=\dimen284
\MPnumerator=\count343
\makeMPintoPDFobject=\count344
\everyMPtoPDFconversion=\toks37
)
(C:\Users\Kaigom\AppData\Local\Programs\MiKTeX\tex/latex/epstopdf-pkg\epstopdf-
base.sty
Package: epstopdf-base 2020-01-24 v2.11 Base part for package epstopdf
Package epstopdf-base Info: Redefining graphics rule for `.eps' on input line 4
85.

(C:\Users\Kaigom\AppData\Local\Programs\MiKTeX\tex/latex/00miktex\epstopdf-sys.
cfg
File: epstopdf-sys.cfg 2021/03/18 v2.0 Configuration of epstopdf for MiKTeX
))
Package caption Info: Begin \AtBeginDocument code.
Package caption Info: hyperref package is loaded.
Package caption Info: End \AtBeginDocument code.
Package hyperref Info: Link coloring ON on input line 50.
 (access.out) (access.out)
\@outlinefile=\write3
\openout3 = `access.out'.

<bullet.png, id=100, 12.045pt x 35.38219pt>
File: bullet.png Graphic file (type png)
<use bullet.png>
Package pdftex.def Info: bullet.png  used on input line 69.
(pdftex.def)             Requested size: 5.0pt x 14.6871pt.


Package xcolor Warning: Incompatible color definition on input line 69.

LaTeX Font Info:    Trying to load font information for T1+phv on input line 69
.
(C:\Users\Kaigom\AppData\Local\Programs\MiKTeX\tex/latex/psnfss\t1phv.fd
File: t1phv.fd 2020/03/25 scalable font definitions for T1/phv.
)

LaTeX Font Warning: Font shape `T1/phv/n/n' undefined
(Font)              using `T1/phv/m/n' instead on input line 69.

File: bullet.png Graphic file (type png)
<use bullet.png>
Package pdftex.def Info: bullet.png  used on input line 83.
(pdftex.def)             Requested size: 5.0pt x 14.6871pt.

Package xcolor Warning: Incompatible color definition on input line 83.


Package xcolor Warning: Incompatible color definition on input line 90.

LaTeX Font Info:    Calculating math sizes for size <9.9> on input line 90.
LaTeX Font Info:    Trying to load font information for U+msa on input line 90.

(C:\Users\Kaigom\AppData\Local\Programs\MiKTeX\tex/latex/amsfonts\umsa.fd
File: umsa.fd 2013/01/14 v3.01 AMS symbols A
)
LaTeX Font Info:    Trying to load font information for U+msb on input line 90.


(C:\Users\Kaigom\AppData\Local\Programs\MiKTeX\tex/latex/amsfonts\umsb.fd
File: umsb.fd 2013/01/14 v3.01 AMS symbols B
)
LaTeX Font Info:    Calculating math sizes for size <6.6> on input line 90.

Overfull \hbox (9.2679pt too wide) in paragraph at lines 90--90
[]  
 []


Overfull \hbox (9.2679pt too wide) in paragraph at lines 90--90
[]  
 []


Package xcolor Warning: Incompatible color definition on input line 91.

<Figures/oos0.png, id=101, 1453.43pt x 1090.0725pt>
File: Figures/oos0.png Graphic file (type png)
<use Figures/oos0.png>
Package pdftex.def Info: Figures/oos0.png  used on input line 97.
(pdftex.def)             Requested size: 240.24814pt x 180.17023pt.

Package xcolor Warning: Incompatible color definition on input line 122.

<Logo.png, id=109, 206.27063pt x 53.44969pt>
File: Logo.png Graphic file (type png)
<use Logo.png>
Package pdftex.def Info: Logo.png  used on input line 122.
(pdftex.def)             Requested size: 91.32pt x 23.66309pt.

Overfull \hbox (505.12177pt too wide) has occurred while \output is active
[]
 []


Overfull \hbox (505.12177pt too wide) has occurred while \output is active
[]
 []


Overfull \hbox (505.12177pt too wide) has occurred while \output is active
[]
 []


Underfull \hbox (badness 10000) has occurred while \output is active
[]
 []

[1{C:/Users/Kaigom/AppData/Local/Programs/MiKTeX/fonts/enc/dvips/base/8r.enc}


 <./Logo.png> <./bullet.png>]
<notaglineLogo.png, id=158, 169.38281pt x 42.91031pt>
File: notaglineLogo.png Graphic file (type png)
<use notaglineLogo.png>
Package pdftex.def Info: notaglineLogo.png  used on input line 189.
(pdftex.def)             Requested size: 91.32pt x 23.1352pt.

Overfull \hbox (505.12177pt too wide) has occurred while \output is active
[]
 []


Overfull \hbox (505.12177pt too wide) has occurred while \output is active
[]
 []


Underfull \hbox (badness 10000) has occurred while \output is active
[]
 []

[2 <./notaglineLogo.png> <./Figures/oos0.png (PNG copy)>]

Package xcolor Warning: Incompatible color definition on input line 199.


Package xcolor Warning: Incompatible color definition on input line 201.


Underfull \vbox (badness 8189) has occurred while \output is active []



Package xcolor Warning: Incompatible color definition on input line 211.


Package xcolor Warning: Incompatible color definition on input line 223.

File: notaglineLogo.png Graphic file (type png)
<use notaglineLogo.png>
Package pdftex.def Info: notaglineLogo.png  used on input line 226.
(pdftex.def)             Requested size: 91.32pt x 23.1352pt.

Overfull \hbox (505.12177pt too wide) has occurred while \output is active
[]
 []


Overfull \hbox (505.12177pt too wide) has occurred while \output is active
[]
 []


Underfull \hbox (badness 10000) has occurred while \output is active
[]
 []

[3]

Package xcolor Warning: Incompatible color definition on input line 234.


Package xcolor Warning: Incompatible color definition on input line 243.


Underfull \hbox (badness 1755) in paragraph at lines 245--251
\T1/ptm/n/n/10 minimization---a safety-critical re-quire-ment in on-orbit
 []


Package xcolor Warning: Incompatible color definition on input line 253.

<Figures/ref_kreisbahn_2.png, id=216, 1077.02374pt x 722.7pt>
File: Figures/ref_kreisbahn_2.png Graphic file (type png)
<use Figures/ref_kreisbahn_2.png>
Package pdftex.def Info: Figures/ref_kreisbahn_2.png  used on input line 263.
(pdftex.def)             Requested size: 227.30324pt x 152.52135pt.
<Figures/ref_kreisbahn_3.png, id=217, 1077.02374pt x 722.7pt>
File: Figures/ref_kreisbahn_3.png Graphic file (type png)
<use Figures/ref_kreisbahn_3.png>
Package pdftex.def Info: Figures/ref_kreisbahn_3.png  used on input line 268.
(pdftex.def)             Requested size: 227.30324pt x 152.52135pt.

Package xcolor Warning: Incompatible color definition on input line 274.

<Figures/Spacerobot_slx.png, id=221, 1038.88126pt x 519.44063pt>
File: Figures/Spacerobot_slx.png Graphic file (type png)
<use Figures/Spacerobot_slx.png>
Package pdftex.def Info: Figures/Spacerobot_slx.png  used on input line 284.
(pdftex.def)             Requested size: 495.01717pt x 247.50568pt.
LaTeX Font Info:    Trying to load font information for T1+pcr on input line 28
8.
(C:\Users\Kaigom\AppData\Local\Programs\MiKTeX\tex/latex/psnfss\t1pcr.fd
File: t1pcr.fd 2001/06/04 font definitions for T1/pcr.
)

Package xcolor Warning: Incompatible color definition on input line 292.


Package xcolor Warning: Incompatible color definition on input line 302.

File: notaglineLogo.png Graphic file (type png)
<use notaglineLogo.png>
Package pdftex.def Info: notaglineLogo.png  used on input line 307.
(pdftex.def)             Requested size: 91.32pt x 23.1352pt.

Overfull \hbox (505.12177pt too wide) has occurred while \output is active
[]
 []


Overfull \hbox (505.12177pt too wide) has occurred while \output is active
[]
 []


Underfull \hbox (badness 10000) has occurred while \output is active
[]
 []

[4]

LaTeX Font Warning: Font shape `T1/ptm/n/it' undefined
(Font)              using `T1/ptm/n/n' instead on input line 309.


Underfull \vbox (badness 10000) detected at line 310
 []


Overfull \vbox (1.06708pt too high) detected at line 310
 []


Underfull \vbox (badness 10000) detected at line 310
 []


Underfull \vbox (badness 10000) detected at line 310
 []

File: notaglineLogo.png Graphic file (type png)
<use notaglineLogo.png>
Package pdftex.def Info: notaglineLogo.png  used on input line 310.
(pdftex.def)             Requested size: 91.32pt x 23.1352pt.

Overfull \hbox (505.12177pt too wide) has occurred while \output is active
[]
 []


Overfull \hbox (505.12177pt too wide) has occurred while \output is active
[]
 []


Underfull \hbox (badness 10000) has occurred while \output is active
[]
 []

[5 <./Figures/ref_kreisbahn_2.png> <./Figures/ref_kreisbahn_3.png> <./Figures/S
pacerobot_slx.png>]
<Figures/spacerobot_slx_robot.png, id=260, 1256.44406pt x 532.99126pt>
File: Figures/spacerobot_slx_robot.png Graphic file (type png)
<use Figures/spacerobot_slx_robot.png>
Package pdftex.def Info: Figures/spacerobot_slx_robot.png  used on input line 3
14.
(pdftex.def)             Requested size: 495.01717pt x 209.9884pt.
<Figures/spacerobot_slx_reference.png, id=271, 888.31876pt x 283.0575pt>
File: Figures/spacerobot_slx_reference.png Graphic file (type png)
<use Figures/spacerobot_slx_reference.png>
Package pdftex.def Info: Figures/spacerobot_slx_reference.png  used on input li
ne 334.
(pdftex.def)             Requested size: 489.96872pt x 156.12263pt.


Package xcolor Warning: Incompatible color definition on input line 351.


Package xcolor Warning: Incompatible color definition on input line 365.

File: notaglineLogo.png Graphic file (type png)
<use notaglineLogo.png>
Package pdftex.def Info: notaglineLogo.png  used on input line 402.
(pdftex.def)             Requested size: 91.32pt x 23.1352pt.

Overfull \hbox (505.12177pt too wide) has occurred while \output is active
[]
 []


Overfull \hbox (505.12177pt too wide) has occurred while \output is active
[]
 []


Underfull \hbox (badness 10000) has occurred while \output is active
[]
 []

[6]
Underfull \vbox (badness 10000) has occurred while \output is active []


Underfull \vbox (badness 10000) has occurred while \output is active []

File: notaglineLogo.png Graphic file (type png)
<use notaglineLogo.png>
Package pdftex.def Info: notaglineLogo.png  used on input line 409.
(pdftex.def)             Requested size: 91.32pt x 23.1352pt.

Overfull \hbox (505.12177pt too wide) has occurred while \output is active
[]
 []


Overfull \hbox (505.12177pt too wide) has occurred while \output is active
[]
 []


Underfull \hbox (badness 10000) has occurred while \output is active
[]
 []

[7 <./Figures/spacerobot_slx_robot.png> <./Figures/spacerobot_slx_reference.png
>]
Underfull \vbox (badness 2088) has occurred while \output is active []

File: notaglineLogo.png Graphic file (type png)
<use notaglineLogo.png>
Package pdftex.def Info: notaglineLogo.png  used on input line 502.
(pdftex.def)             Requested size: 91.32pt x 23.1352pt.

Overfull \hbox (505.12177pt too wide) has occurred while \output is active
[]
 []


Overfull \hbox (505.12177pt too wide) has occurred while \output is active
[]
 []


Underfull \hbox (badness 10000) has occurred while \output is active
[]
 []

[8]

LaTeX Font Warning: Font shape `T1/pcr/n/n' undefined
(Font)              using `T1/pcr/m/n' instead on input line 525.


Underfull \hbox (badness 3623) in paragraph at lines 525--526
[][]\T1/ptm/n/it/10 [R2.8] To en-sure re-pro-ducibil-ity, all train-ing runs
 []


Underfull \hbox (badness 4217) in paragraph at lines 525--526
\T1/ptm/n/it/10 were ini-tial-ized us-ing MAT-LAB's Mersenne Twister
 []


Underfull \hbox (badness 1968) in paragraph at lines 525--526
\T1/ptm/n/it/10 ran-dom num-ber gen-er-a-tor with a fixed seed of zero
 []


Underfull \hbox (badness 1721) in paragraph at lines 543--544
[]\T1/ptm/b/n/10 K2 \T1/ptm/n/it/10 --- Mean Squared EE Po-si-tion Er-ror: av-e
r-age
 []

File: notaglineLogo.png Graphic file (type png)
<use notaglineLogo.png>
Package pdftex.def Info: notaglineLogo.png  used on input line 556.
(pdftex.def)             Requested size: 91.32pt x 23.1352pt.

Overfull \hbox (505.12177pt too wide) has occurred while \output is active
[]
 []


Overfull \hbox (505.12177pt too wide) has occurred while \output is active
[]
 []


Underfull \hbox (badness 10000) has occurred while \output is active
[]
 []

[9]
Overfull \hbox (2.60884pt too wide) detected at line 567
\OML/cmm/m/it/10 K\OT1/cmr/m/n/10 6 = [] [] [] [] [] \U/msb/m/n/10 I []\OML/cmm
/m/it/10 q[]\OT1/cmr/m/n/10 [\OML/cmm/m/it/10 k\OT1/cmr/m/n/10 ] [] [\OML/cmm/m
/it/10 q[]; q[]\OT1/cmr/m/n/10 ][]\OML/cmm/m/it/10 :
 []


Overfull \hbox (106.39272pt too wide) detected at line 573
\OT1/cmr/m/n/10 ^^A[]\OML/cmm/m/it/10 ^^\[]\OT1/cmr/m/n/10 [\OML/cmm/m/it/10 k\
OT1/cmr/m/n/10 ] = \OML/cmm/m/it/10 ^^\[]\OT1/cmr/m/n/10 [\OML/cmm/m/it/10 k \O
T1/cmr/m/n/10 + 2] \OMS/cmsy/m/n/10 ^^@ \OT1/cmr/m/n/10 2\OML/cmm/m/it/10 ^^\[]
\OT1/cmr/m/n/10 [\OML/cmm/m/it/10 k \OT1/cmr/m/n/10 + 1] + \OML/cmm/m/it/10 ^^\
[]\OT1/cmr/m/n/10 [\OML/cmm/m/it/10 k\OT1/cmr/m/n/10 ]\OML/cmm/m/it/10 ;  K\OT1
/cmr/m/n/10 7 = [] [] [] [] \OMS/cmsy/m/n/10 k\OT1/cmr/m/n/10 ^^A[]\OML/cmm/m/i
t/10 ^^\[]\OT1/cmr/m/n/10 [\OML/cmm/m/it/10 k\OT1/cmr/m/n/10 ]\OMS/cmsy/m/n/10 
k[]\OML/cmm/m/it/10 :
 []


Overfull \hbox (4.47972pt too wide) detected at line 584
\OML/cmm/m/it/10 E[] \OT1/cmr/m/n/10 = [] [] []\OML/cmm/m/it/10 ^^\[]\OT1/cmr/m
/n/10 (\OML/cmm/m/it/10 t\OT1/cmr/m/n/10 ) [](\OML/cmm/m/it/10 t\OT1/cmr/m/n/10
 )[] \OML/cmm/m/it/10 dt;  K\OT1/cmr/m/n/10 9 = [] [] \OML/cmm/m/it/10 E[]:
 []


Package xcolor Warning: Incompatible color definition on input line 602.

<Figures/impuls_monitor.png, id=322, 1336.995pt x 513.41812pt>
File: Figures/impuls_monitor.png Graphic file (type png)
<use Figures/impuls_monitor.png>
Package pdftex.def Info: Figures/impuls_monitor.png  used on input line 610.
(pdftex.def)             Requested size: 505.12177pt x 193.9728pt.
<Figures/impulserhaltung_scope.png, id=323, 1294.8375pt x 722.7pt>
File: Figures/impulserhaltung_scope.png Graphic file (type png)
<use Figures/impulserhaltung_scope.png>
Package pdftex.def Info: Figures/impulserhaltung_scope.png  used on input line 
620.
(pdftex.def)             Requested size: 230.53912pt x 128.66885pt.
<Figures/spacerobot_slx_colissionmonitor.png, id=327, 484.81125pt x 134.00063pt
>
File: Figures/spacerobot_slx_colissionmonitor.png Graphic file (type png)
<use Figures/spacerobot_slx_colissionmonitor.png>
Package pdftex.def Info: Figures/spacerobot_slx_colissionmonitor.png  used on i
nput line 641.
(pdftex.def)             Requested size: 378.84132pt x 104.71634pt.
<Figures/warning_collision.png, id=328, 421.575pt x 96.36pt>
File: Figures/warning_collision.png Graphic file (type png)
<use Figures/warning_collision.png>
Package pdftex.def Info: Figures/warning_collision.png  used on input line 654.

(pdftex.def)             Requested size: 242.45628pt x 55.41978pt.
<Figures/tau_collision.png, id=329, 1168.365pt x 846.16125pt>
File: Figures/tau_collision.png Graphic file (type png)
<use Figures/tau_collision.png>
Package pdftex.def Info: Figures/tau_collision.png  used on input line 661.
(pdftex.def)             Requested size: 242.45628pt x 175.58163pt.
File: notaglineLogo.png Graphic file (type png)
<use notaglineLogo.png>
Package pdftex.def Info: notaglineLogo.png  used on input line 686.
(pdftex.def)             Requested size: 91.32pt x 23.1352pt.

Overfull \hbox (505.12177pt too wide) has occurred while \output is active
[]
 []


Overfull \hbox (505.12177pt too wide) has occurred while \output is active
[]
 []


Underfull \hbox (badness 10000) has occurred while \output is active
[]
 []

[10]
LaTeX Font Info:    Trying to load font information for TS1+ptm on input line 6
88.
 (C:\Users\Kaigom\AppData\Local\Programs\MiKTeX\tex/latex/psnfss\ts1ptm.fd
File: ts1ptm.fd 2001/06/04 font definitions for TS1/ptm.
)

LaTeX Font Warning: Font shape `TS1/ptm/n/n' undefined
(Font)              using `TS1/ptm/m/n' instead
(Font)              for symbol `textpm' on input line 688.


Underfull \vbox (badness 10000) has occurred while \output is active []

File: notaglineLogo.png Graphic file (type png)
<use notaglineLogo.png>
Package pdftex.def Info: notaglineLogo.png  used on input line 706.
(pdftex.def)             Requested size: 91.32pt x 23.1352pt.

Overfull \hbox (505.12177pt too wide) has occurred while \output is active
[]
 []


Overfull \hbox (505.12177pt too wide) has occurred while \output is active
[]
 []


Underfull \hbox (badness 10000) has occurred while \output is active
[]
 []

[11 <./Figures/impuls_monitor.png> <./Figures/impulserhaltung_scope.png>]
Underfull \vbox (badness 6944) has occurred while \output is active []

<Figures/verify_tau_slx.png, id=350, 505.13719pt x 469.755pt>
File: Figures/verify_tau_slx.png Graphic file (type png)
<use Figures/verify_tau_slx.png>
Package pdftex.def Info: Figures/verify_tau_slx.png  used on input line 730.
(pdftex.def)             Requested size: 242.67355pt x 225.67337pt.

Underfull \vbox (badness 6944) has occurred while \output is active []

File: notaglineLogo.png Graphic file (type png)
<use notaglineLogo.png>
Package pdftex.def Info: notaglineLogo.png  used on input line 749.
(pdftex.def)             Requested size: 91.32pt x 23.1352pt.

Overfull \hbox (505.12177pt too wide) has occurred while \output is active
[]
 []


Overfull \hbox (505.12177pt too wide) has occurred while \output is active
[]
 []


Underfull \hbox (badness 10000) has occurred while \output is active
[]
 []

[12 <./Figures/spacerobot_slx_colissionmonitor.png> <./Figures/warning_collisio
n.png> <./Figures/tau_collision.png (PNG copy)>]
Underfull \vbox (badness 10000) detected at line 760
 []

<Figures/verify_tau_reslult.png, id=361, 405.01312pt x 257.46187pt>
File: Figures/verify_tau_reslult.png Graphic file (type png)
<use Figures/verify_tau_reslult.png>
Package pdftex.def Info: Figures/verify_tau_reslult.png  used on input line 764
.
(pdftex.def)             Requested size: 242.67355pt x 154.26616pt.

Package xcolor Warning: Incompatible color definition on input line 772.

File: notaglineLogo.png Graphic file (type png)
<use notaglineLogo.png>
Package pdftex.def Info: notaglineLogo.png  used on input line 791.
(pdftex.def)             Requested size: 91.32pt x 23.1352pt.

Overfull \hbox (505.12177pt too wide) has occurred while \output is active
[]
 []


Overfull \hbox (505.12177pt too wide) has occurred while \output is active
[]
 []


Underfull \hbox (badness 10000) has occurred while \output is active
[]
 []

[13 <./Figures/verify_tau_slx.png> <./Figures/verify_tau_reslult.png>]
Underfull \hbox (badness 7012) in paragraph at lines 893--899
[]\T1/ptm/n/it/10 PPO also pro-duced the smoothest con-trol sig-nals
 []

File: notaglineLogo.png Graphic file (type png)
<use notaglineLogo.png>
Package pdftex.def Info: notaglineLogo.png  used on input line 906.
(pdftex.def)             Requested size: 91.32pt x 23.1352pt.

Overfull \hbox (505.12177pt too wide) has occurred while \output is active
[]
 []


Overfull \hbox (505.12177pt too wide) has occurred while \output is active
[]
 []


Underfull \hbox (badness 10000) has occurred while \output is active
[]
 []

[14]
Underfull \hbox (badness 10000) in paragraph at lines 908--911
\T1/ptm/n/it/10 bet-ter per-for-mance and were sig-nif-i-cantly more
 []


Package xcolor Warning: Incompatible color definition on input line 922.

<Figures/rainingsverlauf_ppo_default.png, id=390, 940.51375pt x 650.43pt>
File: Figures/rainingsverlauf_ppo_default.png Graphic file (type png)
<use Figures/rainingsverlauf_ppo_default.png>
Package pdftex.def Info: Figures/rainingsverlauf_ppo_default.png  used on input
 line 935.
(pdftex.def)             Requested size: 242.45628pt x 167.66872pt.
<Figures/trainingsverlauf_ppo_optimized.png, id=391, 700.86844pt x 485.56406pt>

File: Figures/trainingsverlauf_ppo_optimized.png Graphic file (type png)
<use Figures/trainingsverlauf_ppo_optimized.png>
Package pdftex.def Info: Figures/trainingsverlauf_ppo_optimized.png  used on in
put line 941.
(pdftex.def)             Requested size: 242.45628pt x 167.97173pt.

Underfull \hbox (badness 10000) in paragraph at lines 974--975
[]\T1/ptm/b/n/10 Experience hori-zon \T1/ptm/n/it/10 ^^V can-di-dates:
 []


Underfull \hbox (badness 10000) in paragraph at lines 974--975
\T1/ptm/n/it/10 roll-out hori-zon pro-vided suf-fi-cient tra-jec-tory
 []


Underfull \hbox (badness 6592) in paragraph at lines 974--975
\T1/ptm/n/it/10 in-for-ma-tion per up-date while keep-ing mem-ory
 []

File: notaglineLogo.png Graphic file (type png)
<use notaglineLogo.png>
Package pdftex.def Info: notaglineLogo.png  used on input line 979.
(pdftex.def)             Requested size: 91.32pt x 23.1352pt.

Overfull \hbox (505.12177pt too wide) has occurred while \output is active
[]
 []


Overfull \hbox (505.12177pt too wide) has occurred while \output is active
[]
 []


Underfull \hbox (badness 10000) has occurred while \output is active
[]
 []

[15]

Package xcolor Warning: Incompatible color definition on input line 981.

<Figures/soll_vs_ist_kreisbahn.png, id=400, 344.487pt x 217.2918pt>
File: Figures/soll_vs_ist_kreisbahn.png Graphic file (type png)
<use Figures/soll_vs_ist_kreisbahn.png>
Package pdftex.def Info: Figures/soll_vs_ist_kreisbahn.png  used on input line 
1001.
(pdftex.def)             Requested size: 242.45628pt x 152.9321pt.
<Figures/soll_vs_ist_kreisbahn_opt.png, id=401, 344.487pt x 217.7736pt>
File: Figures/soll_vs_ist_kreisbahn_opt.png Graphic file (type png)
<use Figures/soll_vs_ist_kreisbahn_opt.png>
Package pdftex.def Info: Figures/soll_vs_ist_kreisbahn_opt.png  used on input l
ine 1007.
(pdftex.def)             Requested size: 242.45628pt x 153.27121pt.
<Figures/basis_orientaion_ppo.png, id=402, 332.9238pt x 220.6644pt>
File: Figures/basis_orientaion_ppo.png Graphic file (type png)
<use Figures/basis_orientaion_ppo.png>
Package pdftex.def Info: Figures/basis_orientaion_ppo.png  used on input line 1
018.
(pdftex.def)             Requested size: 242.45628pt x 160.69981pt.
<Figures/basis_orientation_ppo_optimized.png, id=403, 332.9238pt x 220.6644pt>
File: Figures/basis_orientation_ppo_optimized.png Graphic file (type png)
<use Figures/basis_orientation_ppo_optimized.png>
Package pdftex.def Info: Figures/basis_orientation_ppo_optimized.png  used on i
nput line 1024.
(pdftex.def)             Requested size: 242.45628pt x 160.69981pt.

Overfull \hbox (8.1007pt too wide) in paragraph at lines 1040--1054
 [][] 
 []


Underfull \vbox (badness 1286) has occurred while \output is active []

File: notaglineLogo.png Graphic file (type png)
<use notaglineLogo.png>
Package pdftex.def Info: notaglineLogo.png  used on input line 1063.
(pdftex.def)             Requested size: 91.32pt x 23.1352pt.

Overfull \hbox (505.12177pt too wide) has occurred while \output is active
[]
 []


Overfull \hbox (505.12177pt too wide) has occurred while \output is active
[]
 []


Underfull \hbox (badness 10000) has occurred while \output is active
[]
 []

[16 <./Figures/rainingsverlauf_ppo_default.png (PNG copy)> <./Figures/trainings
verlauf_ppo_optimized.png>]

Package xcolor Warning: Incompatible color definition on input line 1071.


Underfull \vbox (badness 10000) has occurred while \output is active []


Underfull \vbox (badness 10000) has occurred while \output is active []

File: notaglineLogo.png Graphic file (type png)
<use notaglineLogo.png>
Package pdftex.def Info: notaglineLogo.png  used on input line 1108.
(pdftex.def)             Requested size: 91.32pt x 23.1352pt.

Overfull \hbox (505.12177pt too wide) has occurred while \output is active
[]
 []


Overfull \hbox (505.12177pt too wide) has occurred while \output is active
[]
 []


Underfull \hbox (badness 10000) has occurred while \output is active
[]
 []

[17 <./Figures/soll_vs_ist_kreisbahn.png (PNG copy)> <./Figures/soll_vs_ist_kre
isbahn_opt.png (PNG copy)> <./Figures/basis_orientaion_ppo.png (PNG copy)> <./F
igures/basis_orientation_ppo_optimized.png (PNG copy)>]
Underfull \hbox (badness 2635) in paragraph at lines 1109--1116
\T1/ptm/b/n/10 Dominant weights ($\OML/cmm/m/it/10 W[]$\T1/ptm/b/n/10 , $\OML/c
mm/m/it/10 W[]$\T1/ptm/b/n/10 ). \T1/ptm/n/it/10 Re-mov-ing the base-
 []


Package xcolor Warning: Incompatible color definition on input line 1149.


Underfull \vbox (badness 10000) detected at line 1240
 []


Underfull \vbox (badness 10000) has occurred while \output is active []

File: notaglineLogo.png Graphic file (type png)
<use notaglineLogo.png>
Package pdftex.def Info: notaglineLogo.png  used on input line 1240.
(pdftex.def)             Requested size: 91.32pt x 23.1352pt.

Overfull \hbox (505.12177pt too wide) has occurred while \output is active
[]
 []


Overfull \hbox (505.12177pt too wide) has occurred while \output is active
[]
 []


Underfull \hbox (badness 10000) has occurred while \output is active
[]
 []

[18]

Package xcolor Warning: Incompatible color definition on input line 1242.

<Figures/rampe_1.png, id=442, 348.8232pt x 220.1826pt>
File: Figures/rampe_1.png Graphic file (type png)
<use Figures/rampe_1.png>
Package pdftex.def Info: Figures/rampe_1.png  used on input line 1267.
(pdftex.def)             Requested size: 242.45628pt x 153.04494pt.
<Figures/rampe_opt_1.png, id=443, 348.8232pt x 220.1826pt>
File: Figures/rampe_opt_1.png Graphic file (type png)
<use Figures/rampe_opt_1.png>
Package pdftex.def Info: Figures/rampe_opt_1.png  used on input line 1273.
(pdftex.def)             Requested size: 242.45628pt x 153.04494pt.
<Figures/basis_ori_1.png, id=444, 332.9238pt x 220.6644pt>
File: Figures/basis_ori_1.png Graphic file (type png)
<use Figures/basis_ori_1.png>
Package pdftex.def Info: Figures/basis_ori_1.png  used on input line 1284.
(pdftex.def)             Requested size: 242.45628pt x 160.69981pt.
<Figures/basis_ori_opt_1.png, id=445, 332.9238pt x 220.6644pt>
File: Figures/basis_ori_opt_1.png Graphic file (type png)
<use Figures/basis_ori_opt_1.png>
Package pdftex.def Info: Figures/basis_ori_opt_1.png  used on input line 1290.
(pdftex.def)             Requested size: 242.45628pt x 160.69981pt.

Underfull \hbox (badness 1603) in paragraph at lines 1297--1310
\T1/ptm/n/it/10 the piecewise-linear ref-er-ence. The op-ti-mized PPO im-
 []

File: notaglineLogo.png Graphic file (type png)
<use notaglineLogo.png>
Package pdftex.def Info: notaglineLogo.png  used on input line 1310.
(pdftex.def)             Requested size: 91.32pt x 23.1352pt.

Overfull \hbox (505.12177pt too wide) has occurred while \output is active
[]
 []


Overfull \hbox (505.12177pt too wide) has occurred while \output is active
[]
 []


Underfull \hbox (badness 10000) has occurred while \output is active
[]
 []

[19]
Overfull \hbox (5.73253pt too wide) in paragraph at lines 1318--1333
 [][] 
 []


Package xcolor Warning: Incompatible color definition on input line 1343.


Underfull \vbox (badness 10000) has occurred while \output is active []

File: notaglineLogo.png Graphic file (type png)
<use notaglineLogo.png>
Package pdftex.def Info: notaglineLogo.png  used on input line 1344.
(pdftex.def)             Requested size: 91.32pt x 23.1352pt.

Overfull \hbox (505.12177pt too wide) has occurred while \output is active
[]
 []


Overfull \hbox (505.12177pt too wide) has occurred while \output is active
[]
 []


Underfull \hbox (badness 10000) has occurred while \output is active
[]
 []

[20 <./Figures/rampe_1.png (PNG copy)> <./Figures/rampe_opt_1.png (PNG copy)> <
./Figures/basis_ori_1.png (PNG copy)> <./Figures/basis_ori_opt_1.png (PNG copy)
>]
Underfull \hbox (badness 2762) in paragraph at lines 1360--1368
[][]\T1/ptm/n/it/10 [R2.14] A fur-ther eval-u-a-tion was con-ducted on a
 []


Underfull \vbox (badness 10000) detected at line 1411
 []


Overfull \vbox (2.07974pt too high) detected at line 1411
 []

File: notaglineLogo.png Graphic file (type png)
<use notaglineLogo.png>
Package pdftex.def Info: notaglineLogo.png  used on input line 1411.
(pdftex.def)             Requested size: 91.32pt x 23.1352pt.

Overfull \hbox (505.12177pt too wide) has occurred while \output is active
[]
 []


Overfull \hbox (505.12177pt too wide) has occurred while \output is active
[]
 []


Underfull \hbox (badness 10000) has occurred while \output is active
[]
 []

[21]
<Figures/oos1.png, id=493, 1453.43pt x 1090.0725pt>
File: Figures/oos1.png Graphic file (type png)
<use Figures/oos1.png>
Package pdftex.def Info: Figures/oos1.png  used on input line 1441.
(pdftex.def)             Requested size: 240.24814pt x 180.17023pt.


Package xcolor Warning: Incompatible color definition on input line 1453.


Package xcolor Warning: Incompatible color definition on input line 1457.

File: notaglineLogo.png Graphic file (type png)
<use notaglineLogo.png>
Package pdftex.def Info: notaglineLogo.png  used on input line 1550.
(pdftex.def)             Requested size: 91.32pt x 23.1352pt.

Overfull \hbox (505.12177pt too wide) has occurred while \output is active
[]
 []


Overfull \hbox (505.12177pt too wide) has occurred while \output is active
[]
 []


Underfull \hbox (badness 10000) has occurred while \output is active
[]
 []

[22 <./Figures/oos1.png (PNG copy)>]
LaTeX Font Info:    Calculating math sizes for size <7.61> on input line 1569.

Underfull \hbox (badness 3148) in paragraph at lines 1654--1655
[]\T1/ptm/m/n/7.61 MathWorks, ``Solver Con-fig-u-ra-tion,'' MAT-LAB & Simulink 
Doc-u-
 []


Underfull \hbox (badness 10000) in paragraph at lines 1659--1660
\T1/ptm/m/n/7.61 mathworks . com / help / simulink / gui / ^^\xedstepsizefundam
entalsampletime .
 []


Underfull \hbox (badness 1509) in paragraph at lines 1664--1665
[]\T1/ptm/m/n/7.61 MathWorks, ``Re-in-force-ment Learn-ing Toolbox---rlPPOAgent
,'' MAT-
 []


Package hyperref Warning: The anchor of a bookmark and its parent's must not
(hyperref)                be the same. Added a new anchor on input line 1691.

<Figures/Bewerbungsfoto_Ermisch.jpg, id=522, 616.55344pt x 862.72313pt>
File: Figures/Bewerbungsfoto_Ermisch.jpg Graphic file (type jpg)
<use Figures/Bewerbungsfoto_Ermisch.jpg>
Package pdftex.def Info: Figures/Bewerbungsfoto_Ermisch.jpg  used on input line
 1691.
(pdftex.def)             Requested size: 64.55656pt x 90.3319pt.
File: Figures/Bewerbungsfoto_Ermisch.jpg Graphic file (type jpg)
<use Figures/Bewerbungsfoto_Ermisch.jpg>
Package pdftex.def Info: Figures/Bewerbungsfoto_Ermisch.jpg  used on input line
 1691.
(pdftex.def)             Requested size: 64.55656pt x 90.3319pt.
<Figures/egk.jpg, id=525, 138.2766pt x 153.6942pt>
File: Figures/egk.jpg Graphic file (type jpg)
<use Figures/egk.jpg>
Package pdftex.def Info: Figures/egk.jpg  used on input line 1708.
(pdftex.def)             Requested size: 72.27136pt x 80.32948pt.
File: Figures/egk.jpg Graphic file (type jpg)
<use Figures/egk.jpg>
Package pdftex.def Info: Figures/egk.jpg  used on input line 1708.
(pdftex.def)             Requested size: 72.27136pt x 80.32948pt.
File: bullet.png Graphic file (type png)
<use bullet.png>
Package pdftex.def Info: bullet.png  used on input line 1711.
(pdftex.def)             Requested size: 5.0pt x 14.6871pt.
File: notaglineLogo.png Graphic file (type png)
<use notaglineLogo.png>
Package pdftex.def Info: notaglineLogo.png  used on input line 1713.
(pdftex.def)             Requested size: 91.32pt x 23.1352pt.

Overfull \hbox (505.12177pt too wide) has occurred while \output is active
[]
 []


Overfull \hbox (505.12177pt too wide) has occurred while \output is active
[]
 []


Underfull \hbox (badness 10000) has occurred while \output is active
[]
 []

[23 <./Figures/Bewerbungsfoto_Ermisch.jpg> <./Figures/egk.jpg>] (access.aux)
 ***********
LaTeX2e <2025-11-01>
L3 programming layer <2026-01-19>
 ***********


LaTeX Font Warning: Some font shapes were not available, defaults substituted.

Package rerunfilecheck Info: File `access.out' has not changed.
(rerunfilecheck)             Checksum: FDEB5C4AC16071C00040CC76E6621C75;5111.
 ) 
Here is how much of TeX's memory you used:
 16389 strings out of 467867
 277681 string characters out of 5417850
 783881 words of memory out of 5000000
 44895 multiletter control sequences out of 15000+600000
 730479 words of font info for 188 fonts, out of 8000000 for 9000
 1141 hyphenation exceptions out of 8191
 83i,19n,131p,1501b,820s stack positions out of 10000i,1000n,20000p,200000b,200000s

pdfTeX warning (dest): name{section*.27} has been referenced but does not exist
, replaced by a fixed one

<C:/Users/Kaigom/AppData/Local/Programs/MiKTeX/fonts/type1/public/amsfonts/cm/c
mbx8.pfb><C:/Users/Kaigom/AppData/Local/Programs/MiKTeX/fonts/type1/public/amsf
onts/cm/cmex10.pfb><C:/Users/Kaigom/AppData/Local/Programs/MiKTeX/fonts/type1/p
ublic/amsfonts/cm/cmmi10.pfb><C:/Users/Kaigom/AppData/Local/Programs/MiKTeX/fon
ts/type1/public/amsfonts/cm/cmmi5.pfb><C:/Users/Kaigom/AppData/Local/Programs/M
iKTeX/fonts/type1/public/amsfonts/cm/cmmi6.pfb><C:/Users/Kaigom/AppData/Local/P
rograms/MiKTeX/fonts/type1/public/amsfonts/cm/cmmi7.pfb><C:/Users/Kaigom/AppDat
a/Local/Programs/MiKTeX/fonts/type1/public/amsfonts/cm/cmmi8.pfb><C:/Users/Kaig
om/AppData/Local/Programs/MiKTeX/fonts/type1/public/amsfonts/cmextra/cmmib7.pfb
><C:/Users/Kaigom/AppData/Local/Programs/MiKTeX/fonts/type1/public/amsfonts/cm/
cmr10.pfb><C:/Users/Kaigom/AppData/Local/Programs/MiKTeX/fonts/type1/public/ams
fonts/cm/cmr5.pfb><C:/Users/Kaigom/AppData/Local/Programs/MiKTeX/fonts/type1/pu
blic/amsfonts/cm/cmr6.pfb><C:/Users/Kaigom/AppData/Local/Programs/MiKTeX/fonts/
type1/public/amsfonts/cm/cmr7.pfb><C:/Users/Kaigom/AppData/Local/Programs/MiKTe
X/fonts/type1/public/amsfonts/cm/cmr8.pfb><C:/Users/Kaigom/AppData/Local/Progra
ms/MiKTeX/fonts/type1/public/amsfonts/cm/cmsy10.pfb><C:/Users/Kaigom/AppData/Lo
cal/Programs/MiKTeX/fonts/type1/public/amsfonts/cm/cmsy7.pfb><C:/Users/Kaigom/A
ppData/Local/Programs/MiKTeX/fonts/type1/public/amsfonts/cm/cmsy8.pfb><C:/Users
/Kaigom/AppData/Local/Programs/MiKTeX/fonts/type1/public/amsfonts/symbols/msbm1
0.pfb><C:/Users/Kaigom/AppData/Local/Programs/MiKTeX/fonts/type1/urw/courier/uc
rr8a.pfb><C:/Users/Kaigom/AppData/Local/Programs/MiKTeX/fonts/type1/urw/helveti
c/uhvb8a.pfb><C:/Users/Kaigom/AppData/Local/Programs/MiKTeX/fonts/type1/urw/hel
vetic/uhvbo8a.pfb><C:/Users/Kaigom/AppData/Local/Programs/MiKTeX/fonts/type1/ur
w/helvetic/uhvr8a.pfb><C:/Users/Kaigom/AppData/Local/Programs/MiKTeX/fonts/type
1/urw/times/utmb8a.pfb><C:/Users/Kaigom/AppData/Local/Programs/MiKTeX/fonts/typ
e1/urw/times/utmr8a.pfb><C:/Users/Kaigom/AppData/Local/Programs/MiKTeX/fonts/ty
pe1/urw/times/utmri8a.pfb>
Output written on access.pdf (23 pages, 7039277 bytes).
PDF statistics:
 674 PDF objects out of 1000 (max. 8388607)
 126 named destinations out of 1000 (max. 500000)
 370 words of extra memory for PDF output out of 10000 (max. 10000000)

